// Jest Snapshot v1, https://goo.gl/fbAQLP

exports[`Pruebas en counter app Validar la similitud con screenshot  1`] = `
<div>
  <h1>
    CounterAPP
  </h1>
  <h2>
    100
  </h2>
  <button>
     ADD +
  </button>
  <button>
     SUBTRACT -
  </button>
  <button
    aria-label="btn-reset"
  >
     RESET Â°
  </button>
</div>
`;
