// Jest Snapshot v1, https://goo.gl/fbAQLP

exports[`Pruebas en firstApp mas optimizada DEbe hacer match con el snapshot 1`] = `
<div>
  <h1
    data-testid="test-title"
  >
    Titulo de prueba
  </h1>
  <p>
    No hay subtitulo
  </p>
  <p>
    no hay nombre
  </p>
</div>
`;
